
---------> Execute CMD [ biolockj-api listProps madeUpOption ]

---------> Execute CMD [ biolockj-api listProps --madeUpOption val ]

STANDARD_ERR:
error: unnamed value [ madeUpOption ]

---------> Execute CMD [ biolockj-api help ]
CMD: java -cp <BLJ>/dist/BioLockJ.jar biolockj.api.BioLockJ_API help
error: unrecognized argument [ madeUpOption ].

---------> Execute CMD [ biolockj-api help ]
CMD: java -cp <BLJ>/dist/BioLockJ.jar biolockj.api.BioLockJ_API help
