
 ---------> Execute CMD [  biolockj --wait-for-start configFile/example.properties  ]
wait-for-start = true
KEY CMD: launch_java --wait-for-start configFile/example.properties
