
 ---------> Execute CMD [  biolockj -du configFile/example.properties  ]
docker = true
unused-props = true
KEY CMD: launch_docker -du configFile/example.properties

 ---------> Execute CMD [  launch_docker -du configFile/example.properties  ]
docker = true
unused-props = true
Using configFile/example.properties as the config file.
args used: docker unused-props
configFile = configFile/example.properties
restartDir = 
Created "/Users/ieclabau/runDockerClone.sh" 
This script will launch another instance of this docker image,
with the same env vars + volumes, but in interactive mode.

Docker container id: KEY CMD: docker run --rm -d -e "BLJ_OPTIONS=-homeDir /Users/ieclabau -projectDir /Users/ieclabau/git/sheepdog_testing_suite/MockMain/pipelines -hostname CCI0PHJGH5AWS -precheck -unusedProps -config /Users/ieclabau/git/sheepdog_testing_suite/test/bash/configFile/example.properties" -v /var/run/docker.sock:/var/run/docker.sock -v /Users/ieclabau/git/sheepdog_testing_suite/MockMain/pipelines:/mnt/efs/pipelines:delegated -v /Users/ieclabau/git/sheepdog_testing_suite/test/bash/configFile:/mnt/efs/vol_1:ro -v /Users/ieclabau/git/sheepdog_testing_suite/test/bash/expected:/mnt/efs/vol_2:ro biolockjdevteam/biolockj_controller:v1.3.6
KEY CMD: docker run --rm -d -e "BLJ_OPTIONS=-homeDir /Users/ieclabau -projectDir /Users/ieclabau/git/sheepdog_testing_suite/MockMain/pipelines -hostname CCI0PHJGH5AWS -precheck -unusedProps -config /Users/ieclabau/git/sheepdog_testing_suite/test/bash/configFile/example.properties" -v /var/run/docker.sock:/var/run/docker.sock -v /Users/ieclabau/git/sheepdog_testing_suite/MockMain/pipelines:/mnt/efs/pipelines:delegated -v /Users/ieclabau/git/sheepdog_testing_suite/test/bash/configFile:/mnt/efs/vol_1:ro -v /Users/ieclabau/git/sheepdog_testing_suite/test/bash/expected:/mnt/efs/vol_2:ro biolockjdevteam/biolockj_controller:v1.3.6

# With -u, the call to java should be identical with and without -p

 ---------> Execute CMD [  launch_docker -dup configFile/example.properties  ]
docker = true
precheck-only = true
unused-props = true
Using configFile/example.properties as the config file.
args used: docker unused-props precheck-only
configFile = configFile/example.properties
restartDir = 
Created "/Users/ieclabau/runDockerClone.sh" 
This script will launch another instance of this docker image,
with the same env vars + volumes, but in interactive mode.

Docker container id: KEY CMD: docker run --rm -d -e "BLJ_OPTIONS=-homeDir /Users/ieclabau -projectDir /Users/ieclabau/git/sheepdog_testing_suite/MockMain/pipelines -hostname CCI0PHJGH5AWS -precheck -unusedProps -config /Users/ieclabau/git/sheepdog_testing_suite/test/bash/configFile/example.properties" -v /var/run/docker.sock:/var/run/docker.sock -v /Users/ieclabau/git/sheepdog_testing_suite/MockMain/pipelines:/mnt/efs/pipelines:delegated -v /Users/ieclabau/git/sheepdog_testing_suite/test/bash/configFile:/mnt/efs/vol_1:ro -v /Users/ieclabau/git/sheepdog_testing_suite/test/bash/expected:/mnt/efs/vol_2:ro biolockjdevteam/biolockj_controller:v1.3.6
KEY CMD: docker run --rm -d -e "BLJ_OPTIONS=-homeDir /Users/ieclabau -projectDir /Users/ieclabau/git/sheepdog_testing_suite/MockMain/pipelines -hostname CCI0PHJGH5AWS -precheck -unusedProps -config /Users/ieclabau/git/sheepdog_testing_suite/test/bash/configFile/example.properties" -v /var/run/docker.sock:/var/run/docker.sock -v /Users/ieclabau/git/sheepdog_testing_suite/MockMain/pipelines:/mnt/efs/pipelines:delegated -v /Users/ieclabau/git/sheepdog_testing_suite/test/bash/configFile:/mnt/efs/vol_1:ro -v /Users/ieclabau/git/sheepdog_testing_suite/test/bash/expected:/mnt/efs/vol_2:ro biolockjdevteam/biolockj_controller:v1.3.6
