Initializing BioLockJ..
Building pipeline:  /Users/ieclabau/git/sheepdog_testing_suite/MockMain/pipelines/noneUnused_2020Jul07
cd-blj       -> Move to pipeline output directory
blj_log      -> Tail pipeline log (accepts tail runtime parameters)
blj_summary  -> View module execution summary

Fetching pipeline status 

Precheck is complete. No problems were found in this pipeline configuration.

Initializing BioLockJ..
Building pipeline:  /Users/ieclabau/git/sheepdog_testing_suite/MockMain/pipelines/noneUnused_2020Jul07
cd-blj       -> Move to pipeline output directory
blj_log      -> Tail pipeline log (accepts tail runtime parameters)
blj_summary  -> View module execution summary

Fetching pipeline status 

Precheck is complete. No problems were found in this pipeline configuration.

Initializing BioLockJ..
Building pipeline:  /Users/ieclabau/git/sheepdog_testing_suite/MockMain/pipelines/noneUnused_2020Jul07
cd-blj       -> Move to pipeline output directory
blj_log      -> Tail pipeline log (accepts tail runtime parameters)
blj_summary  -> View module execution summary

Fetching pipeline status 

Pipeline is complete.

