
 ---------> Execute CMD [  biolockj --external-modules /Users/ieclabau/git/sheepdog_testing_suite/MockMain/dist example.properties  ]
external-modules = /Users/ieclabau/git/sheepdog_testing_suite/MockMain/dist
KEY CMD: launch_java --external-modules /Users/ieclabau/git/sheepdog_testing_suite/MockMain/dist example.properties
