
 ---------> Execute CMD [  biolockj --aws example.properties  ]
aws = true
KEY CMD: launch_aws --aws example.properties

 ---------> Execute CMD [  launch_aws --aws example.properties  ]
aws = true
Using example.properties as the config file.
KEY CMD: run_aws example.properties
