
 ---------> Execute CMD [  biolockj example.properties  ]
KEY CMD: launch_java example.properties

 ---------> Execute CMD [  launch_java example.properties  ]
Using example.properties as the config file.
Starting BioLockJ:  nohup java -jar /Users/ieclabau/git/BioLockJ/dist/BioLockJ.jar -b /Users/ieclabau/git/BioLockJ/pipelines -u /Users/ieclabau example.properties >/dev/null 2>&1 &
KEY CMD: nohup java -jar /Users/ieclabau/git/BioLockJ/dist/BioLockJ.jar -b /Users/ieclabau/git/BioLockJ/pipelines -u /Users/ieclabau example.properties >/dev/null 2>&1 &
