
---------> Execute CMD [ biolockj -d <SHEP>/test/bash/configFile/example.properties ]
docker = true
KEY CMD: launch_docker -d <SHEP>/test/bash/configFile/example.properties

---------> Execute CMD [ launch_docker -d <SHEP>/test/bash/configFile/example.properties ]
docker = true
Using <SHEP>/test/bash/configFile/example.properties as the config file.
args used: docker
configFile = <SHEP>/test/bash/configFile/example.properties
restartDir =
Created "<HOME>/runDockerClone.sh"
This script will launch another instance of this docker image,
with the same env vars + volumes, but in interactive mode.

Docker container id: <ID_STRING>
KEY CMD: docker run --rm -d -e "BLJ_OPTIONS=-projectDir <SHEP>/MockMain/pipelines -config <SHEP>/test/bash/configFile/example.properties" -v /var/run/docker.sock:/var/run/docker.sock --mount type=bind,source=<SHEP>/MockMain/pipelines,target=/mnt/efs/pipelines --mount type=bind,source=--------->,target=/mnt/efs/vol_1 --mount type=bind,source=Execute,target=/mnt/efs/vol_2 --mount type=bind,source=CMD,target=/mnt/efs/vol_3 --mount type=bind,source=[,target=/mnt/efs/vol_4 --mount type=bind,source=biolockj-api,target=/mnt/efs/vol_5 --mount type=bind,source=listMounts,target=/mnt/efs/vol_6 --mount type=bind,source=--config,target=/mnt/efs/vol_7 --mount type=bind,source=<SHEP>/test/bash/configFile/example.properties,target=/mnt/efs/vol_8 --mount type=bind,source=],target=/mnt/efs/vol_9 --mount type=bind,source=config,target=/mnt/efs/vol_10 --mount type=bind,source==,target=/mnt/efs/vol_11 --mount type=bind,source=<SHEP>/test/bash/configFile/example.properties,target=/mnt/efs/vol_12 --mount type=bind,source=KEY,target=/mnt/efs/vol_13 --mount type=bind,source=CMD:,target=/mnt/efs/vol_14 --mount type=bind,source=java,target=/mnt/efs/vol_15 --mount type=bind,source=-cp,target=/mnt/efs/vol_16 --mount type=bind,source=<BLJ>/dist/BioLockJ.jar,target=/mnt/efs/vol_17 --mount type=bind,source=biolockj.api.BioLockJ_API,target=/mnt/efs/vol_18 --mount type=bind,source=listMounts,target=/mnt/efs/vol_19 --mount type=bind,source=config=<SHEP>/test/bash/configFile/example.properties,target=/mnt/efs/vol_20 biolockjdevteam/biolockj_controller:<VERSION>
