Initializing BioLockJ..
Building pipeline:  /Users/ieclabau/git/sheepdog_testing_suite/MockMain/pipelines/fastFail_3_2020Jul30
After an initial status check, all pipeline updates will be in the pipeline folder.

Fetching pipeline status 

There is a problem with this pipeline configuration.

ERROR TYPE:    BioLockJException
ERROR MESSAGE: Helpful message for the user.


# new precheck pipeline replaces an old one by the same name (after failure)
Initializing BioLockJ..
Building pipeline:  /Users/ieclabau/git/sheepdog_testing_suite/MockMain/pipelines/fastFail_3_2020Jul30
After an initial status check, all pipeline updates will be in the pipeline folder.

Fetching pipeline status 

There is a problem with this pipeline configuration.

ERROR TYPE:    BioLockJException
ERROR MESSAGE: Helpful message for the user.


# standard pipeline replaces precheck pipeline (after failure)
Initializing BioLockJ..
Building pipeline:  /Users/ieclabau/git/sheepdog_testing_suite/MockMain/pipelines/fastFail_3_2020Jul30
After an initial status check, all pipeline updates will be in the pipeline folder.

Fetching pipeline status 

BioLockJ has stopped.

ERROR TYPE:    BioLockJException
ERROR MESSAGE: Helpful message for the user.


# new precheck cannot replace a standard pipeline
Initializing BioLockJ..
Building pipeline:  /Users/ieclabau/git/sheepdog_testing_suite/MockMain/pipelines/fastFail_4_2020Jul30
After an initial status check, all pipeline updates will be in the pipeline folder.

Fetching pipeline status 

There is a problem with this pipeline configuration.

ERROR TYPE:    BioLockJException
ERROR MESSAGE: Helpful message for the user.


# standard pipeline replaces precheck pipeline
Initializing BioLockJ..
Building pipeline:  /Users/ieclabau/git/sheepdog_testing_suite/MockMain/pipelines/fastFail_4_2020Jul30
After an initial status check, all pipeline updates will be in the pipeline folder.

Fetching pipeline status 

BioLockJ has stopped.

ERROR TYPE:    BioLockJException
ERROR MESSAGE: Helpful message for the user.


# new precheck cannot replace a standard pipeline
Initializing BioLockJ..
Building pipeline:  /Users/ieclabau/git/sheepdog_testing_suite/MockMain/pipelines/fastFail_5_2020Jul30
After an initial status check, all pipeline updates will be in the pipeline folder.

Fetching pipeline status 

There is a problem with this pipeline configuration.

ERROR TYPE:    BioLockJException
ERROR MESSAGE: Helpful message for the user.


# new precheck with different name creates a new folder
Initializing BioLockJ..
Building pipeline:  /Users/ieclabau/git/sheepdog_testing_suite/MockMain/pipelines/configToFail_2020Jul30
After an initial status check, all pipeline updates will be in the pipeline folder.

Fetching pipeline status 

Precheck is complete. No problems were found in this pipeline configuration.

# new precheck replaces old one with the same name (after success)
Initializing BioLockJ..
Building pipeline:  /Users/ieclabau/git/sheepdog_testing_suite/MockMain/pipelines/configToFail_2020Jul30
After an initial status check, all pipeline updates will be in the pipeline folder.

Fetching pipeline status 

Precheck is complete. No problems were found in this pipeline configuration.

# standard pipeline replaces precheck pipeline (after success)
Initializing BioLockJ..
Building pipeline:  /Users/ieclabau/git/sheepdog_testing_suite/MockMain/pipelines/configToFail_2020Jul30
After an initial status check, all pipeline updates will be in the pipeline folder.

Fetching pipeline status 

BioLockJ has stopped.

ERROR TYPE:    BioLockJException
ERROR MESSAGE: This module is configured to fail.


