
---------> Execute CMD [ biolockj --foreground configFile/example.properties ]
foreground = true
KEY CMD: launch_java --foreground configFile/example.properties

---------> Execute CMD [ launch_java --foreground configFile/example.properties ]
foreground = true
Using configFile/example.properties as the config file.
Starting BioLockJ: java -jar <BLJ>/dist/BioLockJ.jar -projectDir <SHEP>/MockMain/pipelines -config configFile/example.properties
KEY CMD: java -jar <BLJ>/dist/BioLockJ.jar -projectDir <SHEP>/MockMain/pipelines -config configFile/example.properties
