Initializing BioLockJ..
Building pipeline:  /Users/ieclabau/git/sheepdog_testing_suite/MockMain/pipelines/noneUnused_2020Jul30
After an initial status check, all pipeline updates will be in the pipeline folder.

Fetching pipeline status 

Precheck is complete. No problems were found in this pipeline configuration.

Initializing BioLockJ..
Building pipeline:  /Users/ieclabau/git/sheepdog_testing_suite/MockMain/pipelines/noneUnused_2020Jul30
After an initial status check, all pipeline updates will be in the pipeline folder.

Fetching pipeline status 

Precheck is complete. No problems were found in this pipeline configuration.

Initializing BioLockJ..
Building pipeline:  /Users/ieclabau/git/sheepdog_testing_suite/MockMain/pipelines/noneUnused_2020Jul30
After an initial status check, all pipeline updates will be in the pipeline folder.

Fetching pipeline status 

Pipeline is complete.

