<Initializing BioLockJ<...>>
Building pipeline: <SHEP>/MockMain/pipelines/noneUnused_<DATE>
After an initial status check, all pipeline updates will be in the pipeline folder.

Fetching pipeline status

Precheck is complete. No problems were found in this pipeline configuration.

<Initializing BioLockJ<...>>
Building pipeline: <SHEP>/MockMain/pipelines/noneUnused_<DATE>
After an initial status check, all pipeline updates will be in the pipeline folder.

Fetching pipeline status

Precheck is complete. No problems were found in this pipeline configuration.

<Initializing BioLockJ<...>>
Building pipeline: <SHEP>/MockMain/pipelines/noneUnused_<DATE>
After an initial status check, all pipeline updates will be in the pipeline folder.

Fetching pipeline status

Pipeline is complete.

