 ---------> Execute CMD [  Launcher --docker --blj configFile/example.properties ]
docker = true
blj = true
Using configFile/example.properties as the config file.
 ---------> Execute CMD [  DockerLaunchProcess --docker --blj configFile/example.properties ]
docker = true
blj = true
Using configFile/example.properties as the config file.
KEY CMD:  docker run --rm -d -e BLJ=/Users/ieclabau/git/BioLockJ -e SHEP=/Users/ieclabau/git/sheepdog_testing_suite  -v /var/run/docker.sock:/var/run/docker.sock --mount type=bind,source=/Users/ieclabau/git/BioLockJ,target=/app/biolockj --mount type=bind,source=/Users/ieclabau/git/sheepdog_testing_suite/MockMain/pipelines,target=/mnt/efs/pipelines --mount type=bind,source=/Users/ieclabau/git/sheepdog_testing_suite/test/bash/configFile,target=/mnt/efs/vol_1 --mount type=bind,source=/Users/ieclabau/git/sheepdog_testing_suite/test/bash/expected,target=/mnt/efs/vol_2 biolockjdevteam/biolockj_controller:v1.3.10 java -cp /app/biolockj/dist/BioLockJ.jar biolockj.BioLockJ -projectDir /Users/ieclabau/git/sheepdog_testing_suite/MockMain/pipelines -config /Users/ieclabau/git/sheepdog_testing_suite/test/bash/configFile/example.properties
