Initializing BioLockJ..
Building pipeline:  /Users/ieclabau/git/sheepdog_testing_suite/MockMain/pipelines/fastFail_2020May21
cd-blj       -> Move to pipeline output directory
blj_log      -> Tail pipeline log (accepts tail runtime parameters)
blj_summary  -> View module execution summary

Fetching pipeline status 

BioLockJ has stopped.

ERROR TYPE:    BioLockJException
ERROR MESSAGE: Helpful message for the user.


