
---------> Execute CMD [ biolockj -f configFile/example.properties ]
foreground = true
KEY CMD: launch_java -f configFile/example.properties
