---------> Execute CMD [ Launcher --docker --blj configFile/example.properties ]
docker = true
blj = true
Using configFile/example.properties as the config file.
---------> Execute CMD [ DockerLaunchProcess --docker --blj configFile/example.properties ]
docker = true
blj = true
Using configFile/example.properties as the config file.
KEY CMD: docker run --rm -d -v /var/run/docker.sock:/var/run/docker.sock --mount type=bind,source=<BLJ>,target=/app/biolockj --mount type=bind,source=<SHEP>/MockMain/pipelines,target=/mnt/efs/pipelines --mount type=bind,source=<SHEP>/test/bash/configFile,target=/mnt/efs/vol_1 --mount type=bind,source=<SHEP>/test/bash/expected,target=/mnt/efs/vol_2 biolockjdevteam/biolockj_controller:<VERSION> java -cp /app/biolockj/dist/BioLockJ.jar biolockj.BioLockJ -projectDir <SHEP>/MockMain/pipelines -config <SHEP>/test/bash/configFile/example.properties
