<SHEP>/MockMain/pipelines/fastFail_<DATE>
<SHEP>/MockMain/pipelines/fastFail_<DATE>
<SHEP>/MockMain/pipelines/fastFail_<DATE>
<SHEP>/MockMain/pipelines/fastFail_2_<DATE>
<SHEP>/MockMain/pipelines/fastFail_2_<DATE>
<SHEP>/MockMain/pipelines/fastFail_3_<DATE>
<SHEP>/MockMain/pipelines/configToFail_<DATE>
<SHEP>/MockMain/pipelines/configToFail_<DATE>
<SHEP>/MockMain/pipelines/configToFail_<DATE>

STANDARD_ERR:
Building pipeline: <SHEP>/MockMain/pipelines/fastFail_<DATE>
Done initializing BioLockJ.
Done checking module: 00_ImportMetadata

After an initial status check, all pipeline updates will be in the pipeline folder.
cd-blj -> Move to pipeline output directory

There is a problem with this pipeline configuration.

ERROR TYPE: BioLockJException
ERROR MESSAGE: Helpful message for the user.

# new precheck pipeline replaces an old one by the same name (_DATE, after failure)
Discarding pre-existing precheck pipeline: <SHEP>/MockMain/pipelines/fastFail_<DATE>
Building pipeline: <SHEP>/MockMain/pipelines/fastFail_<DATE>
Done initializing BioLockJ.
Done checking module: 00_ImportMetadata

After an initial status check, all pipeline updates will be in the pipeline folder.
cd-blj -> Move to pipeline output directory

There is a problem with this pipeline configuration.

ERROR TYPE: BioLockJException
ERROR MESSAGE: Helpful message for the user.

# standard pipeline replaces precheck pipeline (_DATE, after failure)
Discarding pre-existing precheck pipeline: <SHEP>/MockMain/pipelines/fastFail_<DATE>
Building pipeline: <SHEP>/MockMain/pipelines/fastFail_<DATE>
Done initializing BioLockJ.
Done checking module: 00_ImportMetadata

After an initial status check, all pipeline updates will be in the pipeline folder.
cd-blj -> Move to pipeline output directory

BioLockJ has stopped.

ERROR TYPE: BioLockJException
ERROR MESSAGE: Helpful message for the user.

# new precheck cannot replace a standard pipeline, _2_DATE
Building pipeline: <SHEP>/MockMain/pipelines/fastFail_2_<DATE>
Done initializing BioLockJ.
Done checking module: 00_ImportMetadata

After an initial status check, all pipeline updates will be in the pipeline folder.
cd-blj -> Move to pipeline output directory

There is a problem with this pipeline configuration.

ERROR TYPE: BioLockJException
ERROR MESSAGE: Helpful message for the user.

# standard pipeline replaces precheck pipeline, _2_DATE
Discarding pre-existing precheck pipeline: <SHEP>/MockMain/pipelines/fastFail_2_<DATE>
Building pipeline: <SHEP>/MockMain/pipelines/fastFail_2_<DATE>
Done initializing BioLockJ.
Done checking module: 00_ImportMetadata

After an initial status check, all pipeline updates will be in the pipeline folder.
cd-blj -> Move to pipeline output directory

BioLockJ has stopped.

ERROR TYPE: BioLockJException
ERROR MESSAGE: Helpful message for the user.

# new precheck cannot replace a standard pipeline, _3_DATE
Building pipeline: <SHEP>/MockMain/pipelines/fastFail_3_<DATE>
Done initializing BioLockJ.
Done checking module: 00_ImportMetadata

After an initial status check, all pipeline updates will be in the pipeline folder.
cd-blj -> Move to pipeline output directory

There is a problem with this pipeline configuration.

ERROR TYPE: BioLockJException
ERROR MESSAGE: Helpful message for the user.

# new precheck with different name creates a new folder, _DATE
Building pipeline: <SHEP>/MockMain/pipelines/configToFail_<DATE>
Done initializing BioLockJ.
Done checking module: 00_ImportMetadata
Done checking module: 01_RegisterNumReads
Done checking module: 02_RarefySeqs
Done checking module: 03_WriteTime
Done checking module: 04_ConfigToFail
Done checking module: 05_SeqFileValidator
Done checking module: 06_Multiplexer
Done checking dependencies.

After an initial status check, all pipeline updates will be in the pipeline folder.
cd-blj -> Move to pipeline output directory

Precheck is complete. No problems were found in this pipeline configuration.
# new precheck replaces old one with the same name (_DATE, after success)
Discarding pre-existing precheck pipeline: <SHEP>/MockMain/pipelines/configToFail_<DATE>
Building pipeline: <SHEP>/MockMain/pipelines/configToFail_<DATE>
Done initializing BioLockJ.
Done checking module: 00_ImportMetadata
Done checking module: 01_RegisterNumReads
Done checking module: 02_RarefySeqs
Done checking module: 03_WriteTime
Done checking module: 04_ConfigToFail
Done checking module: 05_SeqFileValidator
Done checking module: 06_Multiplexer
Done checking dependencies.

After an initial status check, all pipeline updates will be in the pipeline folder.
cd-blj -> Move to pipeline output directory

Precheck is complete. No problems were found in this pipeline configuration.
# standard pipeline replaces precheck pipeline (_DATE, after success)
Discarding pre-existing precheck pipeline: <SHEP>/MockMain/pipelines/configToFail_<DATE>
Building pipeline: <SHEP>/MockMain/pipelines/configToFail_<DATE>
Done initializing BioLockJ.
Done checking module: 00_ImportMetadata
Done checking module: 01_RegisterNumReads
Done checking module: 02_RarefySeqs
Done checking module: 03_WriteTime
Done checking module: 04_ConfigToFail
Done checking module: 05_SeqFileValidator
Done checking module: 06_Multiplexer
Done checking dependencies.

After an initial status check, all pipeline updates will be in the pipeline folder.
cd-blj -> Move to pipeline output directory

Pipeline is running.
