
STANDARD_ERR:
---------> Execute CMD [ Launcher --docker -e SHEP=<SHEP>,FOO=BAR <SHEP>/test/bash/configFile/example.properties ]
Registering options | docker = true
  env-var = SHEP=<SHEP>,FOO=BAR
 Registering options | Using <SHEP>/test/bash/configFile/example.properties as the config file.
 Registering options |  ---------> Execute CMD [ DockerLaunchProcess --docker -e SHEP=<SHEP>,FOO=BAR <SHEP>/test/bash/configFile/example.properties ]
 Registering options | docker = true
  env-var = SHEP=<SHEP>,FOO=BAR
 Registering options | Using <SHEP>/test/bash/configFile/example.properties as the config file.
 Registering options | KEY CMD: docker run --rm -e BLJ=<BLJ> -e SHEP=<SHEP> -e FOO=BAR -v /var/run/docker.sock:/var/run/docker.sock --mount type=bind,source=<SHEP>/MockMain/pipelines,target=/mnt/efs/pipelines --mount type=bind,source=<SHEP>/test/bash/configFile,target=/mnt/efs/vol_1 --mount type=bind,source=<SHEP>/test/bash/expected,target=/mnt/efs/vol_2 biolockjdevteam/biolockj_controller:<VERSION> java -cp /app/biolockj/dist/BioLockJ.jar biolockj.BioLockJ -docker -projectDir <SHEP>/MockMain/pipelines -config <SHEP>/test/bash/configFile/example.properties
