
 ---------> Execute CMD [  biolockj --aws -g configFile/example.properties  ]
gui = true
aws = true
KEY CMD: launch_aws --aws -g configFile/example.properties

 ---------> Execute CMD [  launch_aws --aws -g configFile/example.properties  ]
gui = true
aws = true
Using configFile/example.properties as the config file.
KEY CMD: run_aws_gui
