---------> Execute CMD [ Launcher --foreground configFile/example.properties ]
foreground = true
---------> Execute CMD [ JavaLaunchProcess --foreground configFile/example.properties ]
foreground = true
Using configFile/example.properties as the config file.
KEY CMD: java -jar <BLJ>/dist/BioLockJ.jar -projectDir <SHEP>/MockMain/pipelines -config <SHEP>/test/bash/configFile/example.properties
