<Initializing BioLockJ<...>>
Building pipeline: <SHEP>/MockMain/pipelines/noneUnused_<DATE>
After an initial status check, all pipeline updates will be in the pipeline folder.
cd-blj -> Move to pipeline output directory

Fetching pipeline status


Precheck is complete. No problems were found in this pipeline configuration.


Discarding pre-existing precheck pipeline: <SHEP>/MockMain/pipelines/noneUnused_<DATE>
<Initializing BioLockJ<...>>
Building pipeline: <SHEP>/MockMain/pipelines/noneUnused_<DATE>
After an initial status check, all pipeline updates will be in the pipeline folder.
cd-blj -> Move to pipeline output directory

Fetching pipeline status


Precheck is complete. No problems were found in this pipeline configuration.


Discarding pre-existing precheck pipeline: <SHEP>/MockMain/pipelines/noneUnused_<DATE>
<Initializing BioLockJ<...>>
Building pipeline: <SHEP>/MockMain/pipelines/noneUnused_<DATE>
After an initial status check, all pipeline updates will be in the pipeline folder.
cd-blj -> Move to pipeline output directory

Fetching pipeline status


Pipeline is complete.


