
STANDARD_ERR:
---------> Execute CMD [ Launcher configFile/example.properties ]
Registering options | Using configFile/example.properties as the config file.
 Registering options |  ---------> Execute CMD [ JavaLaunchProcess configFile/example.properties ]
 Registering options | Using configFile/example.properties as the config file.
 Registering options | KEY CMD: nohup java -cp <BLJ>/dist/BioLockJ.jar biolockj.BioLockJ -projectDir <SHEP>/MockMain/pipelines -config <SHEP>/test/bash/configFile/example.properties
