<SHEP>/MockMain/pipelines/fastFail_2_<DATE>

STANDARD_ERR:
Registering options | Initializing |Initializing /Initializing -Initializing \Initializing |Initializing /Initializing -Initializing \Initializing |Initializing /Initializing -Initializing \ Initializing BioLockJ ... |Initializing BioLockJ ... /Initializing BioLockJ ... - Building pipeline: <SHEP>/MockMain/pipelines/fastFail_2_<DATE>
 Initializing BioLockJ ... |Initializing BioLockJ ... /Initializing BioLockJ ... -Initializing BioLockJ ... \Initializing BioLockJ ... |Initializing BioLockJ ... /Initializing BioLockJ ... -Initializing BioLockJ ... \Initializing BioLockJ ... |Initializing BioLockJ ... / Done initializing BioLockJ.
 Checking dependencies | Checking module: 00_ImportMetadata | 00_ImportMetadata - verifying docker image biolockjdevteam/biolockj_controller:<VERSION> |00_ImportMetadata - verifying docker image biolockjdevteam/biolockj_controller:<VERSION> /00_ImportMetadata - verifying docker image biolockjdevteam/biolockj_controller:<VERSION> -00_ImportMetadata - verifying docker image biolockjdevteam/biolockj_controller:<VERSION> \00_ImportMetadata - verifying docker image biolockjdevteam/biolockj_controller:<VERSION> |00_ImportMetadata - verifying docker image biolockjdevteam/biolockj_controller:<VERSION> /00_ImportMetadata - verifying docker image biolockjdevteam/biolockj_controller:<VERSION> -00_ImportMetadata - verifying docker image biolockjdevteam/biolockj_controller:<VERSION> \00_ImportMetadata - verifying docker image biolockjdevteam/biolockj_controller:<VERSION> |00_ImportMetadata - verifying docker image biolockjdevteam/biolockj_controller:<VERSION> /00_ImportMetadata - verifying docker image biolockjdevteam/biolockj_controller:<VERSION> - Done checking module: 00_ImportMetadata
 Checking module: 01_FailCheckDependencies | Monitoring container |Monitoring container /Monitoring container - 
After an initial status check, all pipeline updates will be in the pipeline folder.
cd-blj -> Move to pipeline output directory

Fetching pipeline status | 

BioLockJ has stopped.

ERROR TYPE: BioLockJException
ERROR MESSAGE: Helpful message for the user.


