
 ---------> Execute CMD [  biolockj --docker configFile/example.properties  ]
docker = true
KEY CMD: launch_docker --docker configFile/example.properties
