
 ---------> Execute CMD [  biolockj --docker --blj /Users/ieclabau/git/sheepdog_testing_suite/test/bash/configFile/example.properties  ]
docker = true
blj = true
KEY CMD: launch_docker --docker --blj /Users/ieclabau/git/sheepdog_testing_suite/test/bash/configFile/example.properties

 ---------> Execute CMD [  launch_docker --docker --blj /Users/ieclabau/git/sheepdog_testing_suite/test/bash/configFile/example.properties  ]
docker = true
blj = true
Using /Users/ieclabau/git/sheepdog_testing_suite/test/bash/configFile/example.properties as the config file.
args used: docker blj
configFile = /Users/ieclabau/git/sheepdog_testing_suite/test/bash/configFile/example.properties
restartDir = 
Created "/Users/ieclabau/runDockerClone.sh" 
This script will launch another instance of this docker image,
with the same env vars + volumes, but in interactive mode.

Docker container id: KEY CMD: docker run --rm -d -e "BLJ_OPTIONS=-homeDir /Users/ieclabau -projectDir /Users/ieclabau/git/sheepdog_testing_suite/MockMain/pipelines -hostname CCI0PHJGH5AWS -config /Users/ieclabau/git/sheepdog_testing_suite/test/bash/configFile/example.properties" -v /var/run/docker.sock:/var/run/docker.sock -v /Users/ieclabau:/home/ec2-user:delegated -v /Users/ieclabau/git/BioLockJ:/app/biolockj:ro -v /Users/ieclabau/git/sheepdog_testing_suite/MockMain/pipelines:/mnt/efs/pipelines:delegated -v /Users/ieclabau/git/sheepdog_testing_suite/test/bash/configFile:/mnt/efs/vol_1:ro -v /Users/ieclabau/git/sheepdog_testing_suite/test/bash/expected:/mnt/efs/vol_2:ro biolockj/biolockj_controller
KEY CMD: docker run --rm -d -e "BLJ_OPTIONS=-homeDir /Users/ieclabau -projectDir /Users/ieclabau/git/sheepdog_testing_suite/MockMain/pipelines -hostname CCI0PHJGH5AWS -config /Users/ieclabau/git/sheepdog_testing_suite/test/bash/configFile/example.properties" -v /var/run/docker.sock:/var/run/docker.sock -v /Users/ieclabau:/home/ec2-user:delegated -v /Users/ieclabau/git/BioLockJ:/app/biolockj:ro -v /Users/ieclabau/git/sheepdog_testing_suite/MockMain/pipelines:/mnt/efs/pipelines:delegated -v /Users/ieclabau/git/sheepdog_testing_suite/test/bash/configFile:/mnt/efs/vol_1:ro -v /Users/ieclabau/git/sheepdog_testing_suite/test/bash/expected:/mnt/efs/vol_2:ro biolockj/biolockj_controller
